.archon/tmp/probe_2_B_2/branch.lean:7:2: error: linarith failed to find a contradiction
case h1
v0 v1 e0 e1 n0 n1 uu ww : ℝ
hu : uu = v0 * e0 + v1 * e1
hw : ww = v0 * n0 + v1 * n1
hD : e0 * n1 - e1 * n0 = 1
a✝ : v0 < uu * n1 - ww * n0
⊢ False
failed
.archon/tmp/probe_2_B_2/branch.lean:13:2: error: linarith failed to find a contradiction
case h1
v0 v1 e0 e1 n0 n1 uu ww : ℝ
hu : uu = v0 * e0 + v1 * e1
hw : ww = v0 * n0 + v1 * n1
hD : e0 * n1 - e1 * n0 = -1
a✝ : v0 < -(uu * n1 - ww * n0)
⊢ False
failed
.archon/tmp/probe_2_B_2/branch.lean:19:2: error: linarith failed to find a contradiction
case h1
v0 v1 e0 e1 n0 n1 uu ww : ℝ
hu : uu = v0 * e0 + v1 * e1
hw : ww = v0 * n0 + v1 * n1
hD : e0 * n1 - e1 * n0 = 1
a✝ : v1 < ww * e0 - uu * n0
⊢ False
failed
.archon/tmp/probe_2_B_2/branch.lean:25:2: error: linarith failed to find a contradiction
case h1
v0 v1 e0 e1 n0 n1 uu ww : ℝ
hu : uu = v0 * e0 + v1 * e1
hw : ww = v0 * n0 + v1 * n1
hD : e0 * n1 - e1 * n0 = -1
a✝ : v1 < -(ww * e0 - uu * n0)
⊢ False
failed
