.archon/tmp/probe_2_B_2/cramer4.lean:11:4: error: ring failed, ring expressions not equal
v0 v1 e0 e1 n0 n1 uu ww : ℝ
h0e : e0 ^ 2 + e1 ^ 2 = 1
h0n : n0 ^ 2 + n1 ^ 2 = 1
hpen : n0 * e0 + n1 * e1 = 0
hu : uu = v0 * e0 + v1 * e1
hw : ww = v0 * n0 + v1 * n1
hD2 : (e0 * n1 - e1 * n0) * (e0 * n1 - e1 * n0) = 1
⊢ -(n1 * n0 * v1) + n1 * v1 * e1 + n0 * v0 * e1 - n0 ^ 2 * v0 = 0
.archon/tmp/probe_2_B_2/cramer4.lean:13:4: error: ring failed, ring expressions not equal
v0 v1 e0 e1 n0 n1 uu ww : ℝ
h0e : e0 ^ 2 + e1 ^ 2 = 1
h0n : n0 ^ 2 + n1 ^ 2 = 1
hpen : n0 * e0 + n1 * e1 = 0
hu : uu = v0 * e0 + v1 * e1
hw : ww = v0 * n0 + v1 * n1
hD2 : (e0 * n1 - e1 * n0) * (e0 * n1 - e1 * n0) = 1
hcX : uu * n1 - ww * n0 = v0 * (e0 * n1 - e1 * n0)
⊢ -(v0 * e0 * n1 * e1 * n0 * 4) + v0 * e0 ^ 2 * n1 ^ 2 * 2 + v0 * e1 ^ 2 * n0 ^ 2 * 2 + e0 * n1 * n0 * ww -
              e0 * n1 ^ 2 * uu +
            n1 * e1 * n0 * uu -
          n1 * uu -
        e1 * n0 ^ 2 * ww +
      n0 * ww =
    0
.archon/tmp/probe_2_B_2/cramer4.lean:19:109: error: unsolved goals
v0 v1 e0 e1 n0 n1 uu ww : ℝ
h0e : e0 ^ 2 + e1 ^ 2 = 1
h0n : n0 ^ 2 + n1 ^ 2 = 1
hpen : n0 * e0 + n1 * e1 = 0
hu : uu = v0 * e0 + v1 * e1
hw : ww = v0 * n0 + v1 * n1
hD2 : (e0 * n1 - e1 * n0) * (e0 * n1 - e1 * n0) = 1
hcX : uu * n1 - ww * n0 = v0 * (e0 * n1 - e1 * n0)
hxD : v0 * (e0 * n1 - e1 * n0) * (e0 * n1 - e1 * n0) = uu * n1 - ww * n0
⊢ ((v0 * e0 + v1 * e1) * e0 + (v0 * n0 + v1 * n1) * n0) * (e0 * n1 - e1 * n0) =
    (v0 * e0 + v1 * e1) * e0 * (e0 * n1 - e1 * n0) + (v0 * n0 + v1 * n1) * n0 * (e0 * n1 - e1 * n0)
.archon/tmp/probe_2_B_2/cramer4.lean:22:4: error: linarith failed to find a contradiction
case h1
v0 v1 e0 e1 n0 n1 uu ww : ℝ
h0e : e0 ^ 2 + e1 ^ 2 = 1
h0n : n0 ^ 2 + n1 ^ 2 = 1
hpen : n0 * e0 + n1 * e1 = 0
hu : uu = v0 * e0 + v1 * e1
hw : ww = v0 * n0 + v1 * n1
hD2 : (e0 * n1 - e1 * n0) * (e0 * n1 - e1 * n0) = 1
hcX : uu * n1 - ww * n0 = v0 * (e0 * n1 - e1 * n0)
hxD : v0 * (e0 * n1 - e1 * n0) * (e0 * n1 - e1 * n0) = uu * n1 - ww * n0
he1 :
  (uu * e0 + ww * n0) * (e0 * n1 - e1 * n0) =
    (v0 * e0 + v1 * e1) * e0 * (e0 * n1 - e1 * n0) + (v0 * n0 + v1 * n1) * n0 * (e0 * n1 - e1 * n0)
a✝ :
  (v0 * e0 + v1 * e1) * e0 * (e0 * n1 - e1 * n0) + (v0 * n0 + v1 * n1) * n0 * (e0 * n1 - e1 * n0) <
    v0 * (e0 * n1 - e1 * n0) * (e0 * n1 - e1 * n0) * 0 + v0
⊢ False
failed
