.archon/tmp/probe_2_B_2/lc12.lean:9:40: error: ring failed, ring expressions not equal
v0 v1 e0 e1 n0 n1 : ℝ
h0e : e0 * e0 + e1 * e1 = 1
h0n : n0 * n0 + n1 * n1 = 1
hpen : n0 * e0 + n1 * e1 = 0
h0e' : e1 * e1 = 1 - e0 * e0
h0n' : n1 * n1 = 1 - n0 * n0
⊢ n0 * e0 * 2 + n1 * e1 * 2 = 0
.archon/tmp/probe_2_B_2/lc12.lean:34:14: error: Tactic `rewrite` failed: Did not find an occurrence of the pattern
  n1 * n0 * (n0 * n0) + -(n1 * n0) * (e1 * e1)
in the target expression
  e1 * e0 * (e0 * e0 - n1 * n1) + n1 * n0 * (n0 * n0) + -(n1 * n0) * (e1 * e1) =
    (e1 * e0 + n1 * n0) * (e0 * e0 + n0 * n0 - 1)

v0 v1 e0 e1 n0 n1 : ℝ
h0e : e0 * e0 + e1 * e1 = 1
h0n : n0 * n0 + n1 * n1 = 1
hpen : n0 * e0 + n1 * e1 = 0
h0e' : e1 * e1 = 1 - e0 * e0
h0n' : n1 * n1 = 1 - n0 * n0
hpen' : n0 * e0 = -n1 * e1
key_a : n1 * n0 * (e0 * e0) = -(n1 * n1) * (e1 * e0)
key_b : e1 * e0 * (n0 * n0) = -(n1 * n0) * (e1 * e1)
hexp :
  (e1 * e0 + n1 * n0) * (e0 * e0 + n0 * n0) =
    e1 * e0 * (e0 * e0) + e1 * e0 * (n0 * n0) + n1 * n0 * (e0 * e0) + n1 * n0 * (n0 * n0)
s1 : e0 * e0 - n1 * n1 = e0 * e0 + n0 * n0 - 1
s2 : n0 * n0 - e1 * e1 = e0 * e0 + n0 * n0 - 1
g1 : e1 * e0 * (e0 * e0) + -(n1 * n1) * (e1 * e0) = e1 * e0 * (e0 * e0 - n1 * n1)
g2 : n1 * n0 * (n0 * n0) + -(n1 * n0) * (e1 * e1) = n1 * n0 * (n0 * n0 - e1 * e1)
⊢ e1 * e0 * (e0 * e0 - n1 * n1) + n1 * n0 * (n0 * n0) + -(n1 * n0) * (e1 * e1) =
    (e1 * e0 + n1 * n0) * (e0 * e0 + n0 * n0 - 1)
.archon/tmp/probe_2_B_2/lc12.lean:36:8: error: Tactic `rewrite` failed: Did not find an occurrence of the pattern
  e1 * e0 * (e0 * e0) + -(n1 * n1) * (e1 * e0) + n1 * n0 * (n0 * n0) + -(n1 * n0) * (e1 * e1)
in the target expression
  e1 * e0 * (e0 * e0) + -(n1 * n0) * (e1 * e1) + -(n1 * n1) * (e1 * e0) + n1 * n0 * (n0 * n0) =
    e1 * e0 + n1 * n0 - (e1 * e0 + n1 * n0) * 0 + 0 * (n0 - e1)

v0 v1 e0 e1 n0 n1 : ℝ
h0e : e0 * e0 + e1 * e1 = 1
h0n : n0 * n0 + n1 * n1 = 1
hpen : n0 * e0 + n1 * e1 = 0
h0e' : e1 * e1 = 1 - e0 * e0
h0n' : n1 * n1 = 1 - n0 * n0
hpen' : n0 * e0 = -n1 * e1
key_a : n1 * n0 * (e0 * e0) = -(n1 * n1) * (e1 * e0)
key_b : e1 * e0 * (n0 * n0) = -(n1 * n0) * (e1 * e1)
hexp :
  (e1 * e0 + n1 * n0) * (e0 * e0 + n0 * n0) =
    e1 * e0 * (e0 * e0) + e1 * e0 * (n0 * n0) + n1 * n0 * (e0 * e0) + n1 * n0 * (n0 * n0)
s1 : e0 * e0 - n1 * n1 = e0 * e0 + n0 * n0 - 1
s2 : n0 * n0 - e1 * e1 = e0 * e0 + n0 * n0 - 1
g :
  e1 * e0 * (e0 * e0) + -(n1 * n1) * (e1 * e0) + n1 * n0 * (n0 * n0) + -(n1 * n0) * (e1 * e1) =
    (e1 * e0 + n1 * n0) * (e0 * e0 + n0 * n0 - 1)
⊢ e1 * e0 * (e0 * e0) + -(n1 * n0) * (e1 * e1) + -(n1 * n1) * (e1 * e0) + n1 * n0 * (n0 * n0) =
    e1 * e0 + n1 * n0 - (e1 * e0 + n1 * n0) * 0 + 0 * (n0 - e1)
.archon/tmp/probe_2_B_2/lc12.lean:42:8: error: ring failed, ring expressions not equal
v0 v1 e0 e1 n0 n1 : ℝ
h0e : e0 * e0 + e1 * e1 = 1
h0n : n0 * n0 + n1 * n1 = 1
hpen : n0 * e0 + n1 * e1 = 0
h0e' : e1 * e1 = 1 - e0 * e0
h0n' : n1 * n1 = 1 - n0 * n0
hpen' : n0 * e0 = -n1 * e1
key_a : n1 * n0 * (e0 * e0) = -(n1 * n1) * (e1 * e0)
key_b : e1 * e0 * (n0 * n0) = -(n1 * n0) * (e1 * e1)
hBA : (e1 * e0 + n1 * n0) * (e0 * e0 + n0 * n0) = e1 * e0 + n1 * n0 - (e1 * e0 + n1 * n0) * 0 + 0 * (n0 - e1)
⊢ -(e1 * e0 * n0 ^ 2) - e1 * e0 ^ 3 - e0 ^ 2 * n1 * n0 - n1 * n0 ^ 3 = 0
.archon/tmp/probe_2_B_2/lc12.lean:43:10: error: Tactic `rewrite` failed: Did not find an occurrence of the pattern
  (e1 * e0 + n1 * n0) * (e0 * e0 + n0 * n0 - 1)
in the target expression
  (e1 * e0 + n1 * n0) * (e0 * e0 + n0 * n0 - (e0 * e0 + n0 * n0 - 1)) = 0

v0 v1 e0 e1 n0 n1 : ℝ
h0e : e0 * e0 + e1 * e1 = 1
h0n : n0 * n0 + n1 * n1 = 1
hpen : n0 * e0 + n1 * e1 = 0
h0e' : e1 * e1 = 1 - e0 * e0
h0n' : n1 * n1 = 1 - n0 * n0
hpen' : n0 * e0 = -n1 * e1
key_a : n1 * n0 * (e0 * e0) = -(n1 * n1) * (e1 * e0)
key_b : e1 * e0 * (n0 * n0) = -(n1 * n0) * (e1 * e1)
hBA : (e1 * e0 + n1 * n0) * (e0 * e0 + n0 * n0) = e1 * e0 + n1 * n0 - (e1 * e0 + n1 * n0) * 0 + 0 * (n0 - e1)
this : (e1 * e0 + n1 * n0) * (e0 * e0 + n0 * n0 - 1) = (e1 * e0 + n1 * n0) * (e0 * e0 + n0 * n0)
⊢ (e1 * e0 + n1 * n0) * (e0 * e0 + n0 * n0 - (e0 * e0 + n0 * n0 - 1)) = 0
