.archon/tmp/probe_2_B_2/lc13.lean:16:6: error: Type mismatch
  Eq.symm hs
has type
  n0 * e0 * (n0 * e0) = n1 * n1 * (e1 * e1)
but is expected to have type
  n1 * n1 * (e1 * e1) = n0 * e0 * (n0 * e0)
.archon/tmp/probe_2_B_2/lc13.lean:23:74: error: ring failed, ring expressions not equal
v0 v1 e0 e1 n0 n1 : ℝ
h0e : e0 * e0 + e1 * e1 = 1
h0n : n0 * n0 + n1 * n1 = 1
hpen : n0 * e0 + n1 * e1 = 0
h0e' : e1 * e1 = 1 - e0 * e0
h0n' : n1 * n1 = 1 - n0 * n0
hpen' : n1 * e1 = -n0 * e0
hsum : e0 * e0 + n0 * n0 = 1
⊢ n0 * e0 * 2 + n1 * e1 * 2 = 0
.archon/tmp/probe_2_B_2/lc13.lean:27:74: error: ring failed, ring expressions not equal
v0 v1 e0 e1 n0 n1 : ℝ
h0e : e0 * e0 + e1 * e1 = 1
h0n : n0 * n0 + n1 * n1 = 1
hpen : n0 * e0 + n1 * e1 = 0
h0e' : e1 * e1 = 1 - e0 * e0
h0n' : n1 * n1 = 1 - n0 * n0
hpen' : n1 * e1 = -n0 * e0
hsum : e0 * e0 + n0 * n0 = 1
key_a : n1 * n0 * (e0 * e0) = -(n1 * n1) * (e1 * e0)
⊢ n0 * e0 * 2 + n1 * e1 * 2 = 0
.archon/tmp/probe_2_B_2/lc13.lean:43:4: error: Type mismatch
  g
has type
  e1 * e0 * (e0 * e0) + n1 * n0 * (n0 * n0) + -(n1 * n0) * (e1 * e1) + -(n1 * n1) * (e1 * e0) =
    (e1 * e0 + n1 * n0) * (e0 * e0 + n0 * n0 - 1)
but is expected to have type
  (e1 * e0 + n1 * n0) * (e0 * e0 + n0 * n0 - 1) =
    e1 * e0 * (e0 * e0) + n1 * n0 * (n0 * n0) + -(n1 * n0) * (e1 * e1) + -(n1 * n1) * (e1 * e0)
