.archon/tmp/probe_2_B_2/lc8.lean:42:4: error: linarith failed to find a contradiction
case h1
v0 v1 e0 e1 n0 n1 : ℝ
h0e : e0 * e0 + e1 * e1 = 1
h0n : n0 * n0 + n1 * n1 = 1
hpen : n0 * e0 + n1 * e1 = 0
h0e' : e1 * e1 = 1 - e0 * e0
h0n' : n1 * n1 = 1 - n0 * n0
hD2 : (e0 * n1 - e1 * n0) * (e0 * n1 - e1 * n0) + 0 = 1 * 1
hz : 0 * 0 = 0
hL2 :
  (e0 * e1 + n0 * n1) * (e0 * e1 + n0 * n1) + (e0 * n1 - n0 * e1) * (e0 * n1 - n0 * e1) =
    (e0 * e0 + n0 * n0) * (e1 * e1 + n1 * n1)
hsq : (1 - n0 * n0) * (1 - e0 * e0) = n0 * e0 * (n0 * e0)
hk1 : n1 * e1 * (n1 * e1) = n1 * n1 * (e1 * e1)
hsum : e0 * e0 + n0 * n0 = 1
hv1sq : (e1 * e0 + n1 * n0) * (n0 * e0 + n1 * e1) = 0
hv1e : e1 * e0 * (n0 * e0) + e1 * e0 * (n1 * e1) + n1 * n0 * (n0 * e0) + n1 * n0 * (n1 * e1) = 0
h : e1 * e0 ^ 2 * n0 + e1 * n0 * n1 ^ 2 + e1 ^ 2 * e0 * n1 + e0 * n0 ^ 2 * n1 = 0
a✝ : e1 * e0 ^ 3 + e1 * n0 * n1 ^ 2 + e1 ^ 2 * e0 * n1 + n0 ^ 3 * n1 < 0
⊢ False
failed
.archon/tmp/probe_2_B_2/lc8.lean:43:6: error: Tactic `rewrite` failed: Did not find an occurrence of the pattern
  n1 * n1
in the target expression
  e0 * e0 * (e0 * e1) + e1 * e0 * (n1 * e1) + n0 * n0 * (n1 * n0) + n1 * n0 * (n1 * e1) = 0

v0 v1 e0 e1 n0 n1 : ℝ
h0e : e0 * e0 + e1 * e1 = 1
h0n : n0 * n0 + n1 * n1 = 1
hpen : n0 * e0 + n1 * e1 = 0
h0e' : e1 * e1 = 1 - e0 * e0
h0n' : n1 * n1 = 1 - n0 * n0
hD2 : (e0 * n1 - e1 * n0) * (e0 * n1 - e1 * n0) + 0 = 1 * 1
hz : 0 * 0 = 0
hL2 :
  (e0 * e1 + n0 * n1) * (e0 * e1 + n0 * n1) + (e0 * n1 - n0 * e1) * (e0 * n1 - n0 * e1) =
    (e0 * e0 + n0 * n0) * (e1 * e1 + n1 * n1)
hsq : (1 - n0 * n0) * (1 - e0 * e0) = n0 * e0 * (n0 * e0)
hk1 : n1 * e1 * (n1 * e1) = n1 * n1 * (e1 * e1)
hsum : e0 * e0 + n0 * n0 = 1
hv1sq : (e1 * e0 + n1 * n0) * (n0 * e0 + n1 * e1) = 0
hv1e : e1 * e0 * (n0 * e0) + e1 * e0 * (n1 * e1) + n1 * n0 * (n0 * e0) + n1 * n0 * (n1 * e1) = 0
hv2 : e0 * e0 * (e0 * e1) + e1 * e0 * (n1 * e1) + n0 * n0 * (n1 * n0) + n1 * n0 * (n1 * e1) = 0
⊢ v0 * (e0 * e0 + n0 * n0) + v1 * (e1 * e0 + n1 * n0) = v0
